Archive member included to satisfy reference by file (symbol)

/home/onur/STM32Toolchain/gcc-arm-none-eabi-8-2018-q4-major/bin/../lib/gcc/arm-none-eabi/8.2.1/../../../../arm-none-eabi/lib/thumb/v7-m/nofp/libc_nano.a(lib_a-exit.o)
                              /home/onur/STM32Toolchain/gcc-arm-none-eabi-8-2018-q4-major/bin/../lib/gcc/arm-none-eabi/8.2.1/../../../../arm-none-eabi/lib/thumb/v7-m/nofp/crt0.o (exit)
/home/onur/STM32Toolchain/gcc-arm-none-eabi-8-2018-q4-major/bin/../lib/gcc/arm-none-eabi/8.2.1/../../../../arm-none-eabi/lib/thumb/v7-m/nofp/libc_nano.a(lib_a-impure.o)
                              /home/onur/STM32Toolchain/gcc-arm-none-eabi-8-2018-q4-major/bin/../lib/gcc/arm-none-eabi/8.2.1/../../../../arm-none-eabi/lib/thumb/v7-m/nofp/libc_nano.a(lib_a-exit.o) (_global_impure_ptr)
/home/onur/STM32Toolchain/gcc-arm-none-eabi-8-2018-q4-major/bin/../lib/gcc/arm-none-eabi/8.2.1/../../../../arm-none-eabi/lib/thumb/v7-m/nofp/libc_nano.a(lib_a-init.o)
                              /home/onur/STM32Toolchain/gcc-arm-none-eabi-8-2018-q4-major/bin/../lib/gcc/arm-none-eabi/8.2.1/../../../../arm-none-eabi/lib/thumb/v7-m/nofp/crt0.o (__libc_init_array)
/home/onur/STM32Toolchain/gcc-arm-none-eabi-8-2018-q4-major/bin/../lib/gcc/arm-none-eabi/8.2.1/../../../../arm-none-eabi/lib/thumb/v7-m/nofp/libc_nano.a(lib_a-memset.o)
                              /home/onur/STM32Toolchain/gcc-arm-none-eabi-8-2018-q4-major/bin/../lib/gcc/arm-none-eabi/8.2.1/../../../../arm-none-eabi/lib/thumb/v7-m/nofp/crt0.o (memset)
/home/onur/STM32Toolchain/gcc-arm-none-eabi-8-2018-q4-major/bin/../lib/gcc/arm-none-eabi/8.2.1/../../../../arm-none-eabi/lib/thumb/v7-m/nofp/libnosys.a(_exit.o)
                              /home/onur/STM32Toolchain/gcc-arm-none-eabi-8-2018-q4-major/bin/../lib/gcc/arm-none-eabi/8.2.1/../../../../arm-none-eabi/lib/thumb/v7-m/nofp/libc_nano.a(lib_a-exit.o) (_exit)

Allocating common symbols
Common symbol       size              file

uwTick              0x4               build/stm32f1xx_hal.o
pFlash              0x20              build/stm32f1xx_hal_flash.o
huart1              0x40              build/main.o

Discarded input sections

 .text          0x0000000000000000        0x0 /home/onur/STM32Toolchain/gcc-arm-none-eabi-8-2018-q4-major/bin/../lib/gcc/arm-none-eabi/8.2.1/thumb/v7-m/nofp/crti.o
 .data          0x0000000000000000        0x0 /home/onur/STM32Toolchain/gcc-arm-none-eabi-8-2018-q4-major/bin/../lib/gcc/arm-none-eabi/8.2.1/thumb/v7-m/nofp/crti.o
 .bss           0x0000000000000000        0x0 /home/onur/STM32Toolchain/gcc-arm-none-eabi-8-2018-q4-major/bin/../lib/gcc/arm-none-eabi/8.2.1/thumb/v7-m/nofp/crti.o
 .data          0x0000000000000000        0x4 /home/onur/STM32Toolchain/gcc-arm-none-eabi-8-2018-q4-major/bin/../lib/gcc/arm-none-eabi/8.2.1/thumb/v7-m/nofp/crtbegin.o
 .text          0x0000000000000000       0x74 /home/onur/STM32Toolchain/gcc-arm-none-eabi-8-2018-q4-major/bin/../lib/gcc/arm-none-eabi/8.2.1/../../../../arm-none-eabi/lib/thumb/v7-m/nofp/crt0.o
 .data          0x0000000000000000        0x0 /home/onur/STM32Toolchain/gcc-arm-none-eabi-8-2018-q4-major/bin/../lib/gcc/arm-none-eabi/8.2.1/../../../../arm-none-eabi/lib/thumb/v7-m/nofp/crt0.o
 .bss           0x0000000000000000        0x0 /home/onur/STM32Toolchain/gcc-arm-none-eabi-8-2018-q4-major/bin/../lib/gcc/arm-none-eabi/8.2.1/../../../../arm-none-eabi/lib/thumb/v7-m/nofp/crt0.o
 .ARM.extab     0x0000000000000000        0x0 /home/onur/STM32Toolchain/gcc-arm-none-eabi-8-2018-q4-major/bin/../lib/gcc/arm-none-eabi/8.2.1/../../../../arm-none-eabi/lib/thumb/v7-m/nofp/crt0.o
 .ARM.exidx     0x0000000000000000        0x8 /home/onur/STM32Toolchain/gcc-arm-none-eabi-8-2018-q4-major/bin/../lib/gcc/arm-none-eabi/8.2.1/../../../../arm-none-eabi/lib/thumb/v7-m/nofp/crt0.o
 .ARM.attributes
                0x0000000000000000       0x1b /home/onur/STM32Toolchain/gcc-arm-none-eabi-8-2018-q4-major/bin/../lib/gcc/arm-none-eabi/8.2.1/../../../../arm-none-eabi/lib/thumb/v7-m/nofp/crt0.o
 .text          0x0000000000000000        0x0 build/main.o
 .data          0x0000000000000000        0x0 build/main.o
 .bss           0x0000000000000000        0x0 build/main.o
 .text.Error_Handler
                0x0000000000000000        0x2 build/main.o
 .text          0x0000000000000000        0x0 build/stm32f1xx_it.o
 .data          0x0000000000000000        0x0 build/stm32f1xx_it.o
 .bss           0x0000000000000000        0x0 build/stm32f1xx_it.o
 .text          0x0000000000000000        0x0 build/stm32f1xx_hal_msp.o
 .data          0x0000000000000000        0x0 build/stm32f1xx_hal_msp.o
 .bss           0x0000000000000000        0x0 build/stm32f1xx_hal_msp.o
 .text.HAL_UART_MspDeInit
                0x0000000000000000       0x34 build/stm32f1xx_hal_msp.o
 .text          0x0000000000000000        0x0 build/stm32f1xx_hal_gpio_ex.o
 .data          0x0000000000000000        0x0 build/stm32f1xx_hal_gpio_ex.o
[...]
Memory Configuration

Name             Origin             Length             Attributes
RAM              0x0000000020000000 0x0000000000005000 xrw
FLASH            0x0000000008000000 0x0000000000010000 xr
*default*        0x0000000000000000 0xffffffffffffffff

Linker script and memory map

LOAD /home/onur/STM32Toolchain/gcc-arm-none-eabi-8-2018-q4-major/bin/../lib/gcc/arm-none-eabi/8.2.1/thumb/v7-m/nofp/crti.o
LOAD /home/onur/STM32Toolchain/gcc-arm-none-eabi-8-2018-q4-major/bin/../lib/gcc/arm-none-eabi/8.2.1/thumb/v7-m/nofp/crtbegin.o
LOAD /home/onur/STM32Toolchain/gcc-arm-none-eabi-8-2018-q4-major/bin/../lib/gcc/arm-none-eabi/8.2.1/../../../../arm-none-eabi/lib/thumb/v7-m/nofp/crt0.o
LOAD build/main.o
LOAD build/stm32f1xx_it.o
LOAD build/stm32f1xx_hal_msp.o
LOAD build/stm32f1xx_hal_gpio_ex.o
LOAD build/stm32f1xx_hal_tim.o
LOAD build/stm32f1xx_hal_tim_ex.o
LOAD build/stm32f1xx_hal_uart.o
LOAD build/stm32f1xx_hal.o
LOAD build/stm32f1xx_hal_rcc.o
LOAD build/stm32f1xx_hal_rcc_ex.o
LOAD build/stm32f1xx_hal_gpio.o
LOAD build/stm32f1xx_hal_dma.o
LOAD build/stm32f1xx_hal_cortex.o
LOAD build/stm32f1xx_hal_pwr.o
LOAD build/stm32f1xx_hal_flash.o
LOAD build/stm32f1xx_hal_flash_ex.o
LOAD build/system_stm32f1xx.o
LOAD build/nexcore.o
LOAD build/nexserial.o
LOAD build/utilities.o
LOAD build/startup_stm32f103xb.o
LOAD /home/onur/STM32Toolchain/gcc-arm-none-eabi-8-2018-q4-major/bin/../lib/gcc/arm-none-eabi/8.2.1/../../../../arm-none-eabi/lib/thumb/v7-m/nofp/libc_nano.a
LOAD /home/onur/STM32Toolchain/gcc-arm-none-eabi-8-2018-q4-major/bin/../lib/gcc/arm-none-eabi/8.2.1/../../../../arm-none-eabi/lib/thumb/v7-m/nofp/libm.a
LOAD /home/onur/STM32Toolchain/gcc-arm-none-eabi-8-2018-q4-major/bin/../lib/gcc/arm-none-eabi/8.2.1/../../../../arm-none-eabi/lib/thumb/v7-m/nofp/libnosys.a
START GROUP
LOAD /home/onur/STM32Toolchain/gcc-arm-none-eabi-8-2018-q4-major/bin/../lib/gcc/arm-none-eabi/8.2.1/thumb/v7-m/nofp/libgcc.a
LOAD /home/onur/STM32Toolchain/gcc-arm-none-eabi-8-2018-q4-major/bin/../lib/gcc/arm-none-eabi/8.2.1/../../../../arm-none-eabi/lib/thumb/v7-m/nofp/libc_nano.a
END GROUP
START GROUP
LOAD /home/onur/STM32Toolchain/gcc-arm-none-eabi-8-2018-q4-major/bin/../lib/gcc/arm-none-eabi/8.2.1/thumb/v7-m/nofp/libgcc.a
LOAD /home/onur/STM32Toolchain/gcc-arm-none-eabi-8-2018-q4-major/bin/../lib/gcc/arm-none-eabi/8.2.1/../../../../arm-none-eabi/lib/thumb/v7-m/nofp/libc_nano.a
END GROUP
LOAD /home/onur/STM32Toolchain/gcc-arm-none-eabi-8-2018-q4-major/bin/../lib/gcc/arm-none-eabi/8.2.1/thumb/v7-m/nofp/crtend.o
LOAD /home/onur/STM32Toolchain/gcc-arm-none-eabi-8-2018-q4-major/bin/../lib/gcc/arm-none-eabi/8.2.1/thumb/v7-m/nofp/crtn.o
                0x0000000020005000                _estack = 0x20005000
                0x0000000000000200                _Min_Heap_Size = 0x200
                0x0000000000000400                _Min_Stack_Size = 0x400

.isr_vector     0x0000000008000000      0x10c
                0x0000000008000000                . = ALIGN (0x4)
 *(.isr_vector)
 .isr_vector    0x0000000008000000      0x10c build/startup_stm32f103xb.o
                0x0000000008000000                g_pfnVectors
                0x000000000800010c                . = ALIGN (0x4)

.text           0x000000000800010c     0x1bc4
                0x000000000800010c                . = ALIGN (0x4)
 *(.text)
 .text          0x000000000800010c       0x40 /home/onur/STM32Toolchain/gcc-arm-none-eabi-8-2018-q4-major/bin/../lib/gcc/arm-none-eabi/8.2.1/thumb/v7-m/nofp/crtbegin.o
 *(.text*)
 .text.MX_GPIO_Init
                0x000000000800014c       0x30 build/main.o
 .text.MX_USART1_UART_Init
                0x000000000800017c       0x2c build/main.o
 .text.SystemClock_Config
                0x00000000080001a8       0x56 build/main.o
                0x00000000080001a8                SystemClock_Config
 .text.main     0x00000000080001fe       0x28 build/main.o
                0x00000000080001fe                main
 .text.NMI_Handler
                0x0000000008000226        0x2 build/stm32f1xx_it.o
                0x0000000008000226                NMI_Handler
 .text.HardFault_Handler
                0x0000000008000228        0x2 build/stm32f1xx_it.o
                0x0000000008000228                HardFault_Handler
 .text.MemManage_Handler
                0x000000000800022a        0x2 build/stm32f1xx_it.o
                0x000000000800022a                MemManage_Handler
 .text.BusFault_Handler
                0x000000000800022c        0x2 build/stm32f1xx_it.o
                0x000000000800022c                BusFault_Handler
 .text.UsageFault_Handler
                0x000000000800022e        0x2 build/stm32f1xx_it.o
                0x000000000800022e                UsageFault_Handler
 .text.SVC_Handler
                0x0000000008000230        0x2 build/stm32f1xx_it.o
                0x0000000008000230                SVC_Handler
 .text.DebugMon_Handler
                0x0000000008000232        0x2 build/stm32f1xx_it.o
                0x0000000008000232                DebugMon_Handler
 .text.PendSV_Handler
                0x0000000008000234        0x2 build/stm32f1xx_it.o
                0x0000000008000234                PendSV_Handler
 .text.SysTick_Handler
                0x0000000008000236        0x8 build/stm32f1xx_it.o
                0x0000000008000236                SysTick_Handler
 *fill*         0x000000000800023e        0x2 
 .text.USART1_IRQHandler
                0x0000000008000240       0x10 build/stm32f1xx_it.o
                0x0000000008000240                USART1_IRQHandler
 .text.HAL_MspInit
                0x0000000008000250       0x44 build/stm32f1xx_hal_msp.o
                0x0000000008000250                HAL_MspInit
 .text.HAL_UART_MspInit
                0x0000000008000294       0x88 build/stm32f1xx_hal_msp.o
                0x0000000008000294                HAL_UART_MspInit
 .text.UART_EndRxTransfer
                0x000000000800031c       0x1c build/stm32f1xx_hal_uart.o
 .text.UART_Transmit_IT
                0x0000000008000338       0x64 build/stm32f1xx_hal_uart.o
 .text.UART_SetConfig
                0x000000000800039c      0x1ac build/stm32f1xx_hal_uart.o
 .text.HAL_UART_Init
                0x0000000008000548       0x5e build/stm32f1xx_hal_uart.o
                0x0000000008000548                HAL_UART_Init
 .text.HAL_UART_Transmit_IT
                0x00000000080005a6       0x48 build/stm32f1xx_hal_uart.o
                0x00000000080005a6                HAL_UART_Transmit_IT
 .text.HAL_UART_Receive_IT
                0x00000000080005ee       0x5c build/stm32f1xx_hal_uart.o
                0x00000000080005ee                HAL_UART_Receive_IT
 .text.UART_EndTransmit_IT
                0x000000000800064a       0x1a build/stm32f1xx_hal_uart.o
 .text.UART_Receive_IT
                0x0000000008000664       0x9c build/stm32f1xx_hal_uart.o
 .text.HAL_UART_ErrorCallback
                0x0000000008000700        0x2 build/stm32f1xx_hal_uart.o
                0x0000000008000700                HAL_UART_ErrorCallback
 *fill*         0x0000000008000702        0x2 
 .text.HAL_UART_IRQHandler
                0x0000000008000704      0x120 build/stm32f1xx_hal_uart.o
                0x0000000008000704                HAL_UART_IRQHandler
 .text.UART_DMAAbortOnError
                0x0000000008000824       0x10 build/stm32f1xx_hal_uart.o
 .text.HAL_InitTick
                0x0000000008000834       0x4c build/stm32f1xx_hal.o
                0x0000000008000834                HAL_InitTick
 .text.HAL_Init
                0x0000000008000880       0x24 build/stm32f1xx_hal.o
                0x0000000008000880                HAL_Init
 .text.HAL_IncTick
                0x00000000080008a4       0x18 build/stm32f1xx_hal.o
                0x00000000080008a4                HAL_IncTick
 .text.HAL_GetTick
                0x00000000080008bc        0xc build/stm32f1xx_hal.o
                0x00000000080008bc                HAL_GetTick
 .text.RCC_Delay
                0x00000000080008c8       0x2c build/stm32f1xx_hal_rcc.o
 .text.HAL_RCC_OscConfig
                0x00000000080008f4      0x3e0 build/stm32f1xx_hal_rcc.o
                0x00000000080008f4                HAL_RCC_OscConfig
 .text.HAL_RCC_GetSysClockFreq
                0x0000000008000cd4       0x70 build/stm32f1xx_hal_rcc.o
                0x0000000008000cd4                HAL_RCC_GetSysClockFreq
 .text.HAL_RCC_ClockConfig
                0x0000000008000d44      0x19c build/stm32f1xx_hal_rcc.o
                0x0000000008000d44                HAL_RCC_ClockConfig
 .text.HAL_RCC_GetHCLKFreq
                0x0000000008000ee0        0xc build/stm32f1xx_hal_rcc.o
                0x0000000008000ee0                HAL_RCC_GetHCLKFreq
 .text.HAL_RCC_GetPCLK1Freq
                0x0000000008000eec       0x20 build/stm32f1xx_hal_rcc.o
                0x0000000008000eec                HAL_RCC_GetPCLK1Freq
 .text.HAL_RCC_GetPCLK2Freq
                0x0000000008000f0c       0x20 build/stm32f1xx_hal_rcc.o
                0x0000000008000f0c                HAL_RCC_GetPCLK2Freq
 .text.HAL_GPIO_Init
                0x0000000008000f2c      0x1d4 build/stm32f1xx_hal_gpio.o
                0x0000000008000f2c                HAL_GPIO_Init
 .text.HAL_DMA_Abort_IT
                0x0000000008001100       0x98 build/stm32f1xx_hal_dma.o
                0x0000000008001100                HAL_DMA_Abort_IT
 .text.HAL_NVIC_SetPriorityGrouping
                0x0000000008001198       0x24 build/stm32f1xx_hal_cortex.o
                0x0000000008001198                HAL_NVIC_SetPriorityGrouping
 .text.HAL_NVIC_SetPriority
                0x00000000080011bc       0x68 build/stm32f1xx_hal_cortex.o
                0x00000000080011bc                HAL_NVIC_SetPriority
 .text.HAL_NVIC_EnableIRQ
                0x0000000008001224       0x18 build/stm32f1xx_hal_cortex.o
                0x0000000008001224                HAL_NVIC_EnableIRQ
 .text.HAL_SYSTICK_Config
                0x000000000800123c       0x2c build/stm32f1xx_hal_cortex.o
                0x000000000800123c                HAL_SYSTICK_Config
 .text.SystemInit
                0x0000000008001268       0x4c build/system_stm32f1xx.o
                0x0000000008001268                SystemInit
 .text.Nexcore_Init
                0x00000000080012b4       0x44 build/nexcore.o
                0x00000000080012b4                Nexcore_Init
 .text.Nexcore_EnqueueMsg
                0x00000000080012f8       0xa8 build/nexcore.o
                0x00000000080012f8                Nexcore_EnqueueMsg
 .text.Nexcore_Set
                0x00000000080013a0       0x46 build/nexcore.o
                0x00000000080013a0                Nexcore_Set
 *fill*         0x00000000080013e6        0x2 
 .text.Nexcore_Start
                0x00000000080013e8       0x64 build/nexcore.o
                0x00000000080013e8                Nexcore_Start
 .text.Nexcore_ErrorCb
                0x000000000800144c        0x2 build/nexcore.o
                0x000000000800144c                Nexcore_ErrorCb
 .text.Nexcore_InfoCb
                0x000000000800144e        0x2 build/nexcore.o
                0x000000000800144e                Nexcore_InfoCb
 .text.Nexcore_TouchEventCb
                0x0000000008001450        0x2 build/nexcore.o
                0x0000000008001450                Nexcore_TouchEventCb
 .text.Nexcore_GetStringRspCb
                0x0000000008001452        0x2 build/nexcore.o
                0x0000000008001452                Nexcore_GetStringRspCb
 .text.Nexcore_GetNumberRspCb
                0x0000000008001454        0x2 build/nexcore.o
                0x0000000008001454                Nexcore_GetNumberRspCb
 *fill*         0x0000000008001456        0x2 
 .text.messageReceived
                0x0000000008001458      0x414 build/nexcore.o
 .text.Nexcore_Execute
                0x000000000800186c      0x1d0 build/nexcore.o
                0x000000000800186c                Nexcore_Execute
 .text.Serial_Init
                0x0000000008001a3c       0x40 build/nexserial.o
                0x0000000008001a3c                Serial_Init
 .text.Serial_Start
                0x0000000008001a7c       0x4c build/nexserial.o
                0x0000000008001a7c                Serial_Start
 .text.Serial_TxBuffAvailable
                0x0000000008001ac8       0x24 build/nexserial.o
                0x0000000008001ac8                Serial_TxBuffAvailable
 .text.Serial_Transmit
                0x0000000008001aec       0x7c build/nexserial.o
                0x0000000008001aec                Serial_Transmit
 .text.HAL_UART_RxCpltCallback
                0x0000000008001b68       0x50 build/nexserial.o
                0x0000000008001b68                HAL_UART_RxCpltCallback
 .text.HAL_UART_TxCpltCallback
                0x0000000008001bb8       0x5c build/nexserial.o
                0x0000000008001bb8                HAL_UART_TxCpltCallback
 .text.strLen   0x0000000008001c14       0x10 build/utilities.o
                0x0000000008001c14                strLen
 .text.Reset_Handler
                0x0000000008001c24       0x48 build/startup_stm32f103xb.o
                0x0000000008001c24                Reset_Handler
 .text.Default_Handler
                0x0000000008001c6c        0x2 build/startup_stm32f103xb.o
                0x0000000008001c6c                RTC_Alarm_IRQHandler
                0x0000000008001c6c                EXTI2_IRQHandler
                0x0000000008001c6c                TIM1_CC_IRQHandler
                0x0000000008001c6c                PVD_IRQHandler
                0x0000000008001c6c                EXTI3_IRQHandler
                0x0000000008001c6c                EXTI0_IRQHandler
                0x0000000008001c6c                I2C2_EV_IRQHandler
                0x0000000008001c6c                ADC1_2_IRQHandler
                0x0000000008001c6c                SPI1_IRQHandler
                0x0000000008001c6c                TAMPER_IRQHandler
                0x0000000008001c6c                DMA1_Channel4_IRQHandler
                0x0000000008001c6c                USART3_IRQHandler
                0x0000000008001c6c                RTC_IRQHandler
                0x0000000008001c6c                DMA1_Channel7_IRQHandler
                0x0000000008001c6c                CAN1_RX1_IRQHandler
                0x0000000008001c6c                TIM4_IRQHandler
                0x0000000008001c6c                I2C1_EV_IRQHandler
                0x0000000008001c6c                DMA1_Channel6_IRQHandler
                0x0000000008001c6c                TIM3_IRQHandler
                0x0000000008001c6c                RCC_IRQHandler
                0x0000000008001c6c                TIM1_TRG_COM_IRQHandler
                0x0000000008001c6c                DMA1_Channel1_IRQHandler
                0x0000000008001c6c                Default_Handler
                0x0000000008001c6c                EXTI15_10_IRQHandler
                0x0000000008001c6c                EXTI9_5_IRQHandler
                0x0000000008001c6c                SPI2_IRQHandler
                0x0000000008001c6c                DMA1_Channel5_IRQHandler
                0x0000000008001c6c                EXTI4_IRQHandler
                0x0000000008001c6c                USB_LP_CAN1_RX0_IRQHandler
                0x0000000008001c6c                USB_HP_CAN1_TX_IRQHandler
                0x0000000008001c6c                DMA1_Channel3_IRQHandler
                0x0000000008001c6c                TIM1_UP_IRQHandler
                0x0000000008001c6c                WWDG_IRQHandler
                0x0000000008001c6c                TIM2_IRQHandler
                0x0000000008001c6c                TIM1_BRK_IRQHandler
                0x0000000008001c6c                EXTI1_IRQHandler
                0x0000000008001c6c                USART2_IRQHandler
                0x0000000008001c6c                I2C2_ER_IRQHandler
                0x0000000008001c6c                DMA1_Channel2_IRQHandler
                0x0000000008001c6c                CAN1_SCE_IRQHandler
                0x0000000008001c6c                FLASH_IRQHandler
                0x0000000008001c6c                I2C1_ER_IRQHandler
                0x0000000008001c6c                USBWakeUp_IRQHandler
 *fill*         0x0000000008001c6e        0x2 
 .text.__libc_init_array
                0x0000000008001c70       0x48 /home/onur/STM32Toolchain/gcc-arm-none-eabi-8-2018-q4-major/bin/../lib/gcc/arm-none-eabi/8.2.1/../../../../arm-none-eabi/lib/thumb/v7-m/nofp/libc_nano.a(lib_a-init.o)
                0x0000000008001c70                __libc_init_array
 *(.glue_7)
 .glue_7        0x0000000008001cb8        0x0 linker stubs
 *(.glue_7t)
 .glue_7t       0x0000000008001cb8        0x0 linker stubs
 *(.eh_frame)
 .eh_frame      0x0000000008001cb8        0x0 /home/onur/STM32Toolchain/gcc-arm-none-eabi-8-2018-q4-major/bin/../lib/gcc/arm-none-eabi/8.2.1/thumb/v7-m/nofp/crtbegin.o
 *(.init)
 .init          0x0000000008001cb8        0x4 /home/onur/STM32Toolchain/gcc-arm-none-eabi-8-2018-q4-major/bin/../lib/gcc/arm-none-eabi/8.2.1/thumb/v7-m/nofp/crti.o
                0x0000000008001cb8                _init
 .init          0x0000000008001cbc        0x8 /home/onur/STM32Toolchain/gcc-arm-none-eabi-8-2018-q4-major/bin/../lib/gcc/arm-none-eabi/8.2.1/thumb/v7-m/nofp/crtn.o
 *(.fini)
 .fini          0x0000000008001cc4        0x4 /home/onur/STM32Toolchain/gcc-arm-none-eabi-8-2018-q4-major/bin/../lib/gcc/arm-none-eabi/8.2.1/thumb/v7-m/nofp/crti.o
                0x0000000008001cc4                _fini
 .fini          0x0000000008001cc8        0x8 /home/onur/STM32Toolchain/gcc-arm-none-eabi-8-2018-q4-major/bin/../lib/gcc/arm-none-eabi/8.2.1/thumb/v7-m/nofp/crtn.o
                0x0000000008001cd0                . = ALIGN (0x4)
                0x0000000008001cd0                _etext = .

.vfp11_veneer   0x0000000008001cd0        0x0
 .vfp11_veneer  0x0000000008001cd0        0x0 linker stubs

.v4_bx          0x0000000008001cd0        0x0
 .v4_bx         0x0000000008001cd0        0x0 linker stubs

.iplt           0x0000000008001cd0        0x0
 .iplt          0x0000000008001cd0        0x0 /home/onur/STM32Toolchain/gcc-arm-none-eabi-8-2018-q4-major/bin/../lib/gcc/arm-none-eabi/8.2.1/thumb/v7-m/nofp/crtbegin.o

.rodata         0x0000000008001cd0       0x38
                0x0000000008001cd0                . = ALIGN (0x4)
 *(.rodata)
 .rodata        0x0000000008001cd0       0x12 build/stm32f1xx_hal_rcc.o
 *(.rodata*)
 *fill*         0x0000000008001ce2        0x2 
 .rodata.AHBPrescTable
                0x0000000008001ce4       0x10 build/system_stm32f1xx.o
                0x0000000008001ce4                AHBPrescTable
 .rodata.APBPrescTable
                0x0000000008001cf4        0x8 build/system_stm32f1xx.o
                0x0000000008001cf4                APBPrescTable
 .rodata.Nexcore_Start.str1.4
                0x0000000008001cfc        0xc build/nexcore.o
                                          0xa (size before relaxing)
                0x0000000008001d08                . = ALIGN (0x4)

.rel.dyn        0x0000000008001d08        0x0
 .rel.iplt      0x0000000008001d08        0x0 /home/onur/STM32Toolchain/gcc-arm-none-eabi-8-2018-q4-major/bin/../lib/gcc/arm-none-eabi/8.2.1/thumb/v7-m/nofp/crtbegin.o

.ARM.extab
 *(.ARM.extab* .gnu.linkonce.armextab.*)

.ARM            0x0000000008001d08        0x0
                0x0000000008001d08                __exidx_start = .
 *(.ARM.exidx*)
                0x0000000008001d08                __exidx_end = .

.preinit_array  0x0000000008001d08        0x0
                0x0000000008001d08                PROVIDE (__preinit_array_start = .)
 *(.preinit_array*)
                0x0000000008001d08                PROVIDE (__preinit_array_end = .)

.init_array     0x0000000008001d08        0x4
                0x0000000008001d08                PROVIDE (__init_array_start = .)
 *(SORT_BY_NAME(.init_array.*))
 *(.init_array*)
 .init_array    0x0000000008001d08        0x4 /home/onur/STM32Toolchain/gcc-arm-none-eabi-8-2018-q4-major/bin/../lib/gcc/arm-none-eabi/8.2.1/thumb/v7-m/nofp/crtbegin.o
                0x0000000008001d0c                PROVIDE (__init_array_end = .)

.fini_array     0x0000000008001d0c        0x4
                [!provide]                        PROVIDE (__fini_array_start = .)
 *(SORT_BY_NAME(.fini_array.*))
 *(.fini_array*)
 .fini_array    0x0000000008001d0c        0x4 /home/onur/STM32Toolchain/gcc-arm-none-eabi-8-2018-q4-major/bin/../lib/gcc/arm-none-eabi/8.2.1/thumb/v7-m/nofp/crtbegin.o
                [!provide]                        PROVIDE (__fini_array_end = .)
                0x0000000008001d10                _sidata = LOADADDR (.data)

.data           0x0000000020000000       0x10 load address 0x0000000008001d10
                0x0000000020000000                . = ALIGN (0x4)
                0x0000000020000000                _sdata = .
 *(.data)
 *(.data*)
 .data.uwTickFreq
                0x0000000020000000        0x1 build/stm32f1xx_hal.o
                0x0000000020000000                uwTickFreq
 *fill*         0x0000000020000001        0x3 
 .data.uwTickPrio
                0x0000000020000004        0x4 build/stm32f1xx_hal.o
                0x0000000020000004                uwTickPrio
 .data.SystemCoreClock
                0x0000000020000008        0x4 build/system_stm32f1xx.o
                0x0000000020000008                SystemCoreClock
 .data.MessageTerminator
                0x000000002000000c        0x3 build/nexcore.o
                0x0000000020000010                . = ALIGN (0x4)
 *fill*         0x000000002000000f        0x1 
                0x0000000020000010                _edata = .

.igot.plt       0x0000000020000010        0x0 load address 0x0000000008001d20
 .igot.plt      0x0000000020000010        0x0 /home/onur/STM32Toolchain/gcc-arm-none-eabi-8-2018-q4-major/bin/../lib/gcc/arm-none-eabi/8.2.1/thumb/v7-m/nofp/crtbegin.o
                0x0000000020000010                . = ALIGN (0x4)

.bss            0x0000000020000010      0x204 load address 0x0000000008001d20
                0x0000000020000010                _sbss = .
                0x0000000020000010                __bss_start__ = _sbss
 *(.bss)
 .bss           0x0000000020000010       0x1c /home/onur/STM32Toolchain/gcc-arm-none-eabi-8-2018-q4-major/bin/../lib/gcc/arm-none-eabi/8.2.1/thumb/v7-m/nofp/crtbegin.o
 *(.bss*)
 .bss.ActiveTransactionBytesToSend
                0x000000002000002c        0x2 build/nexcore.o
 .bss.ActiveTransactionId
                0x000000002000002e        0x1 build/nexcore.o
 .bss.Busy      0x000000002000002f        0x1 build/nexcore.o
 .bss.ResponseStartTick
                0x0000000020000030        0x4 build/nexcore.o
 .bss.RxQueue   0x0000000020000034        0xc build/nexcore.o
 .bss.RxQueueContainer
                0x0000000020000040       0x40 build/nexcore.o
 .bss.Status    0x0000000020000080        0x1 build/nexcore.o
 .bss.TransactionNumerator
                0x0000000020000081        0x1 build/nexcore.o
 *fill*         0x0000000020000082        0x2 
 .bss.TxQueue   0x0000000020000084        0xc build/nexcore.o
 .bss.TxQueueContainer
                0x0000000020000090      0x100 build/nexcore.o
 .bss.RxBuffer  0x0000000020000190        0xc build/nexserial.o
 .bss.RxBufferContainer
                0x000000002000019c       0x10 build/nexserial.o
 .bss.RxReg     0x00000000200001ac        0x1 build/nexserial.o
 .bss.Status    0x00000000200001ad        0x1 build/nexserial.o
 .bss.TxActive  0x00000000200001ae        0x1 build/nexserial.o
 *fill*         0x00000000200001af        0x1 
 .bss.TxBuffer  0x00000000200001b0        0xc build/nexserial.o
 .bss.TxBufferContainer
                0x00000000200001bc       0x10 build/nexserial.o
 .bss.TxReg     0x00000000200001cc        0x1 build/nexserial.o
 *(COMMON)
 *fill*         0x00000000200001cd        0x3 
 COMMON         0x00000000200001d0       0x40 build/main.o
                0x00000000200001d0                huart1
 COMMON         0x0000000020000210        0x4 build/stm32f1xx_hal.o
                0x0000000020000210                uwTick
                0x0000000020000214                . = ALIGN (0x4)
                0x0000000020000214                _ebss = .
                0x0000000020000214                __bss_end__ = _ebss

._user_heap_stack
                0x0000000020000214      0x604 load address 0x0000000008001d20
                0x0000000020000218                . = ALIGN (0x8)
 *fill*         0x0000000020000214        0x4 
                [!provide]                        PROVIDE (end = .)
                [!provide]                        PROVIDE (_end = .)
                0x0000000020000418                . = (. + _Min_Heap_Size)
 *fill*         0x0000000020000218      0x200 
                0x0000000020000818                . = (. + _Min_Stack_Size)
 *fill*         0x0000000020000418      0x400 
                0x0000000020000818                . = ALIGN (0x8)

/DISCARD/
 libc.a(*)
 libm.a(*)
 libgcc.a(*)

.ARM.attributes
                0x0000000000000000       0x29
 *(.ARM.attributes)
 .ARM.attributes
                0x0000000000000000       0x1d /home/onur/STM32Toolchain/gcc-arm-none-eabi-8-2018-q4-major/bin/../lib/gcc/arm-none-eabi/8.2.1/thumb/v7-m/nofp/crti.o
 .ARM.attributes
                0x000000000000001d       0x2d /home/onur/STM32Toolchain/gcc-arm-none-eabi-8-2018-q4-major/bin/../lib/gcc/arm-none-eabi/8.2.1/thumb/v7-m/nofp/crtbegin.o
 .ARM.attributes
                0x000000000000004a       0x2d build/main.o
 .ARM.attributes
                0x0000000000000077       0x2d build/stm32f1xx_it.o
 .ARM.attributes
                0x00000000000000a4       0x2d build/stm32f1xx_hal_msp.o
 .ARM.attributes
                0x00000000000000d1       0x2d build/stm32f1xx_hal_uart.o
 .ARM.attributes
                0x00000000000000fe       0x2d build/stm32f1xx_hal.o
 .ARM.attributes
                0x000000000000012b       0x2d build/stm32f1xx_hal_rcc.o
 .ARM.attributes
                0x0000000000000158       0x2d build/stm32f1xx_hal_gpio.o
 .ARM.attributes
                0x0000000000000185       0x2d build/stm32f1xx_hal_dma.o
 .ARM.attributes
                0x00000000000001b2       0x2d build/stm32f1xx_hal_cortex.o
 .ARM.attributes
                0x00000000000001df       0x2d build/system_stm32f1xx.o
 .ARM.attributes
                0x000000000000020c       0x2d build/nexcore.o
 .ARM.attributes
                0x0000000000000239       0x2d build/nexserial.o
 .ARM.attributes
                0x0000000000000266       0x2d build/utilities.o
 .ARM.attributes
                0x0000000000000293       0x21 build/startup_stm32f103xb.o
 .ARM.attributes
                0x00000000000002b4       0x2d /home/onur/STM32Toolchain/gcc-arm-none-eabi-8-2018-q4-major/bin/../lib/gcc/arm-none-eabi/8.2.1/../../../../arm-none-eabi/lib/thumb/v7-m/nofp/libc_nano.a(lib_a-init.o)
 .ARM.attributes
                0x00000000000002e1       0x1d /home/onur/STM32Toolchain/gcc-arm-none-eabi-8-2018-q4-major/bin/../lib/gcc/arm-none-eabi/8.2.1/thumb/v7-m/nofp/crtn.o
OUTPUT(build/Firmware.elf elf32-littlearm)

.debug_info     0x0000000000000000    0x11ff6
 .debug_info    0x0000000000000000     0x13e1 build/main.o
 .debug_info    0x00000000000013e1     0x10ef build/stm32f1xx_it.o
 .debug_info    0x00000000000024d0     0x151c build/stm32f1xx_hal_msp.o
 .debug_info    0x00000000000039ec     0x2416 build/stm32f1xx_hal_uart.o
 .debug_info    0x0000000000005e02     0x1228 build/stm32f1xx_hal.o
 .debug_info    0x000000000000702a     0x1515 build/stm32f1xx_hal_rcc.o
 .debug_info    0x000000000000853f     0x114b build/stm32f1xx_hal_gpio.o
 .debug_info    0x000000000000968a     0x1327 build/stm32f1xx_hal_dma.o
 .debug_info    0x000000000000a9b1     0x1866 build/stm32f1xx_hal_cortex.o
 .debug_info    0x000000000000c217      0xe55 build/system_stm32f1xx.o
 .debug_info    0x000000000000d06c     0x2b3e build/nexcore.o
 .debug_info    0x000000000000fbaa     0x1845 build/nexserial.o
 .debug_info    0x00000000000113ef      0xbe5 build/utilities.o
 .debug_info    0x0000000000011fd4       0x22 build/startup_stm32f103xb.o

.debug_abbrev   0x0000000000000000     0x29c2
 .debug_abbrev  0x0000000000000000      0x2c6 build/main.o
 .debug_abbrev  0x00000000000002c6      0x21e build/stm32f1xx_it.o
 .debug_abbrev  0x00000000000004e4      0x287 build/stm32f1xx_hal_msp.o
 .debug_abbrev  0x000000000000076b      0x385 build/stm32f1xx_hal_uart.o
 .debug_abbrev  0x0000000000000af0      0x348 build/stm32f1xx_hal.o
 .debug_abbrev  0x0000000000000e38      0x386 build/stm32f1xx_hal_rcc.o
 .debug_abbrev  0x00000000000011be      0x30a build/stm32f1xx_hal_gpio.o
 .debug_abbrev  0x00000000000014c8      0x31e build/stm32f1xx_hal_dma.o
 .debug_abbrev  0x00000000000017e6      0x459 build/stm32f1xx_hal_cortex.o
 .debug_abbrev  0x0000000000001c3f      0x23f build/system_stm32f1xx.o
 .debug_abbrev  0x0000000000001e7e      0x505 build/nexcore.o
 .debug_abbrev  0x0000000000002383      0x3d6 build/nexserial.o
 .debug_abbrev  0x0000000000002759      0x257 build/utilities.o
 .debug_abbrev  0x00000000000029b0       0x12 build/startup_stm32f103xb.o

.debug_loc      0x0000000000000000     0x6aaa
 .debug_loc     0x0000000000000000       0xa5 build/main.o
 .debug_loc     0x00000000000000a5       0x40 build/stm32f1xx_it.o
 .debug_loc     0x00000000000000e5      0x129 build/stm32f1xx_hal_msp.o
 .debug_loc     0x000000000000020e     0x1d20 build/stm32f1xx_hal_uart.o
 .debug_loc     0x0000000000001f2e      0x1cc build/stm32f1xx_hal.o
 .debug_loc     0x00000000000020fa      0x815 build/stm32f1xx_hal_rcc.o
 .debug_loc     0x000000000000290f      0x5a1 build/stm32f1xx_hal_gpio.o
 .debug_loc     0x0000000000002eb0      0xa11 build/stm32f1xx_hal_dma.o
 .debug_loc     0x00000000000038c1      0x76b build/stm32f1xx_hal_cortex.o
 .debug_loc     0x000000000000402c       0xff build/system_stm32f1xx.o
 .debug_loc     0x000000000000412b     0x2184 build/nexcore.o
 .debug_loc     0x00000000000062af      0x6f1 build/nexserial.o
 .debug_loc     0x00000000000069a0      0x10a build/utilities.o

.debug_aranges  0x0000000000000000      0x6f0
 .debug_aranges
                0x0000000000000000       0x40 build/main.o
 .debug_aranges
                0x0000000000000040       0x68 build/stm32f1xx_it.o
 .debug_aranges
                0x00000000000000a8       0x30 build/stm32f1xx_hal_msp.o
 .debug_aranges
                0x00000000000000d8      0x1d0 build/stm32f1xx_hal_uart.o
 .debug_aranges
                0x00000000000002a8       0xd0 build/stm32f1xx_hal.o
 .debug_aranges
                0x0000000000000378       0x90 build/stm32f1xx_hal_rcc.o
 .debug_aranges
                0x0000000000000408       0x58 build/stm32f1xx_hal_gpio.o
 .debug_aranges
                0x0000000000000460       0x80 build/stm32f1xx_hal_dma.o
 .debug_aranges
                0x00000000000004e0       0x90 build/stm32f1xx_hal_cortex.o
 .debug_aranges
                0x0000000000000570       0x28 build/system_stm32f1xx.o
 .debug_aranges
                0x0000000000000598       0xb0 build/nexcore.o
 .debug_aranges
                0x0000000000000648       0x58 build/nexserial.o
 .debug_aranges
                0x00000000000006a0       0x28 build/utilities.o
 .debug_aranges
                0x00000000000006c8       0x28 build/startup_stm32f103xb.o

.debug_ranges   0x0000000000000000      0xb80
 .debug_ranges  0x0000000000000000       0x30 build/main.o
 .debug_ranges  0x0000000000000030       0x58 build/stm32f1xx_it.o
 .debug_ranges  0x0000000000000088       0x20 build/stm32f1xx_hal_msp.o
 .debug_ranges  0x00000000000000a8      0x1c0 build/stm32f1xx_hal_uart.o
 .debug_ranges  0x0000000000000268       0xc0 build/stm32f1xx_hal.o
 .debug_ranges  0x0000000000000328       0xa0 build/stm32f1xx_hal_rcc.o
 .debug_ranges  0x00000000000003c8       0x48 build/stm32f1xx_hal_gpio.o
 .debug_ranges  0x0000000000000410       0x70 build/stm32f1xx_hal_dma.o
 .debug_ranges  0x0000000000000480       0xc8 build/stm32f1xx_hal_cortex.o
 .debug_ranges  0x0000000000000548       0x18 build/system_stm32f1xx.o
 .debug_ranges  0x0000000000000560      0x4f8 build/nexcore.o
 .debug_ranges  0x0000000000000a58       0xf0 build/nexserial.o
 .debug_ranges  0x0000000000000b48       0x18 build/utilities.o
 .debug_ranges  0x0000000000000b60       0x20 build/startup_stm32f103xb.o

.debug_line     0x0000000000000000     0x6feb
 .debug_line    0x0000000000000000      0x411 build/main.o
 .debug_line    0x0000000000000411      0x376 build/stm32f1xx_it.o
 .debug_line    0x0000000000000787      0x387 build/stm32f1xx_hal_msp.o
 .debug_line    0x0000000000000b0e     0x1ac8 build/stm32f1xx_hal_uart.o
 .debug_line    0x00000000000025d6      0x583 build/stm32f1xx_hal.o
 .debug_line    0x0000000000002b59      0xc58 build/stm32f1xx_hal_rcc.o
 .debug_line    0x00000000000037b1      0x6c8 build/stm32f1xx_hal_gpio.o
 .debug_line    0x0000000000003e79      0xae4 build/stm32f1xx_hal_dma.o
 .debug_line    0x000000000000495d      0x699 build/stm32f1xx_hal_cortex.o
 .debug_line    0x0000000000004ff6      0x357 build/system_stm32f1xx.o
 .debug_line    0x000000000000534d     0x1251 build/nexcore.o
 .debug_line    0x000000000000659e      0x6e6 build/nexserial.o
 .debug_line    0x0000000000006c84      0x2f5 build/utilities.o
 .debug_line    0x0000000000006f79       0x72 build/startup_stm32f103xb.o

.debug_str      0x0000000000000000     0x2682
 .debug_str     0x0000000000000000      0xb75 build/main.o
                                        0xc1a (size before relaxing)
 .debug_str     0x0000000000000b75       0xd5 build/stm32f1xx_it.o
                                        0xaa0 (size before relaxing)
 .debug_str     0x0000000000000c4a      0x3ee build/stm32f1xx_hal_msp.o
                                        0xdf8 (size before relaxing)
 .debug_str     0x0000000000001038      0x58a build/stm32f1xx_hal_uart.o
                                       0x100a (size before relaxing)
 .debug_str     0x00000000000015c2      0x240 build/stm32f1xx_hal.o
                                        0xc2d (size before relaxing)
 .debug_str     0x0000000000001802      0x1b7 build/stm32f1xx_hal_rcc.o
                                        0xa99 (size before relaxing)
 .debug_str     0x00000000000019b9      0x14c build/stm32f1xx_hal_gpio.o
                                        0x8c2 (size before relaxing)
 .debug_str     0x0000000000001b05      0x207 build/stm32f1xx_hal_dma.o
                                        0xab9 (size before relaxing)
 .debug_str     0x0000000000001d0c      0x2a7 build/stm32f1xx_hal_cortex.o
                                        0xd55 (size before relaxing)
 .debug_str     0x0000000000001fb3       0x4a build/system_stm32f1xx.o
                                        0x72b (size before relaxing)
 .debug_str     0x0000000000001ffd      0x5b3 build/nexcore.o
                                       0x1003 (size before relaxing)
 .debug_str     0x00000000000025b0       0x96 build/nexserial.o
                                        0xc72 (size before relaxing)
 .debug_str     0x0000000000002646       0x17 build/utilities.o
                                        0x684 (size before relaxing)
 .debug_str     0x000000000000265d       0x25 build/startup_stm32f103xb.o
                                         0x5a (size before relaxing)

.comment        0x0000000000000000       0x75
 .comment       0x0000000000000000       0x75 build/main.o
                                         0x76 (size before relaxing)
 .comment       0x0000000000000075       0x76 build/stm32f1xx_it.o
 .comment       0x0000000000000075       0x76 build/stm32f1xx_hal_msp.o
 .comment       0x0000000000000075       0x76 build/stm32f1xx_hal_uart.o
 .comment       0x0000000000000075       0x76 build/stm32f1xx_hal.o
 .comment       0x0000000000000075       0x76 build/stm32f1xx_hal_rcc.o
 .comment       0x0000000000000075       0x76 build/stm32f1xx_hal_gpio.o
 .comment       0x0000000000000075       0x76 build/stm32f1xx_hal_dma.o
 .comment       0x0000000000000075       0x76 build/stm32f1xx_hal_cortex.o
 .comment       0x0000000000000075       0x76 build/system_stm32f1xx.o
 .comment       0x0000000000000075       0x76 build/nexcore.o
 .comment       0x0000000000000075       0x76 build/nexserial.o
 .comment       0x0000000000000075       0x76 build/utilities.o

.debug_frame    0x0000000000000000     0x121c
 .debug_frame   0x0000000000000000       0x94 build/main.o
 .debug_frame   0x0000000000000094       0xc8 build/stm32f1xx_it.o
 .debug_frame   0x000000000000015c       0x6c build/stm32f1xx_hal_msp.o
 .debug_frame   0x00000000000001c8      0x57c build/stm32f1xx_hal_uart.o
 .debug_frame   0x0000000000000744      0x1c0 build/stm32f1xx_hal.o
 .debug_frame   0x0000000000000904      0x1b0 build/stm32f1xx_hal_rcc.o
 .debug_frame   0x0000000000000ab4       0xe8 build/stm32f1xx_hal_gpio.o
 .debug_frame   0x0000000000000b9c      0x168 build/stm32f1xx_hal_dma.o
 .debug_frame   0x0000000000000d04      0x13c build/stm32f1xx_hal_cortex.o
 .debug_frame   0x0000000000000e40       0x30 build/system_stm32f1xx.o
 .debug_frame   0x0000000000000e70      0x248 build/nexcore.o
 .debug_frame   0x00000000000010b8       0xf0 build/nexserial.o
 .debug_frame   0x00000000000011a8       0x48 build/utilities.o
 .debug_frame   0x00000000000011f0       0x2c /home/onur/STM32Toolchain/gcc-arm-none-eabi-8-2018-q4-major/bin/../lib/gcc/arm-none-eabi/8.2.1/../../../../arm-none-eabi/lib/thumb/v7-m/nofp/libc_nano.a(lib_a-init.o)

Cross Reference Table

Symbol                                            File
ADC1_2_IRQHandler                                 build/startup_stm32f103xb.o
AHBPrescTable                                     build/system_stm32f1xx.o
                                                  build/stm32f1xx_hal_rcc.o
APBPrescTable                                     build/system_stm32f1xx.o
                                                  build/stm32f1xx_hal_rcc.o
BusFault_Handler                                  build/stm32f1xx_it.o
CAN1_RX1_IRQHandler                               build/startup_stm32f103xb.o
CAN1_SCE_IRQHandler                               build/startup_stm32f103xb.o
DMA1_Channel1_IRQHandler                          build/startup_stm32f103xb.o
DMA1_Channel2_IRQHandler                          build/startup_stm32f103xb.o
DMA1_Channel3_IRQHandler                          build/startup_stm32f103xb.o
DMA1_Channel4_IRQHandler                          build/startup_stm32f103xb.o
DMA1_Channel5_IRQHandler                          build/startup_stm32f103xb.o
DMA1_Channel6_IRQHandler                          build/startup_stm32f103xb.o
DMA1_Channel7_IRQHandler                          build/startup_stm32f103xb.o
DebugMon_Handler                                  build/stm32f1xx_it.o
Default_Handler                                   build/startup_stm32f103xb.o
EXTI0_IRQHandler                                  build/startup_stm32f103xb.o
EXTI15_10_IRQHandler                              build/startup_stm32f103xb.o
EXTI1_IRQHandler                                  build/startup_stm32f103xb.o
EXTI2_IRQHandler                                  build/startup_stm32f103xb.o
EXTI3_IRQHandler                                  build/startup_stm32f103xb.o
EXTI4_IRQHandler                                  build/startup_stm32f103xb.o
EXTI9_5_IRQHandler                                build/startup_stm32f103xb.o
Error_Handler                                     build/main.o
FLASH_IRQHandler                                  build/startup_stm32f103xb.o
FLASH_PageErase                                   build/stm32f1xx_hal_flash_ex.o
                                                  build/stm32f1xx_hal_flash.o
FLASH_WaitForLastOperation                        build/stm32f1xx_hal_flash.o
                                                  build/stm32f1xx_hal_flash_ex.o
HAL_DBGMCU_DisableDBGSleepMode                    build/stm32f1xx_hal.o
HAL_DBGMCU_DisableDBGStandbyMode                  build/stm32f1xx_hal.o
HAL_DBGMCU_DisableDBGStopMode                     build/stm32f1xx_hal.o
HAL_DBGMCU_EnableDBGSleepMode                     build/stm32f1xx_hal.o
HAL_DBGMCU_EnableDBGStandbyMode                   build/stm32f1xx_hal.o
HAL_DBGMCU_EnableDBGStopMode                      build/stm32f1xx_hal.o
HAL_DMA_Abort                                     build/stm32f1xx_hal_dma.o
                                                  build/stm32f1xx_hal_uart.o
HAL_DMA_Abort_IT                                  build/stm32f1xx_hal_dma.o
                                                  build/stm32f1xx_hal_uart.o
HAL_DMA_DeInit                                    build/stm32f1xx_hal_dma.o
HAL_DMA_GetError                                  build/stm32f1xx_hal_dma.o
HAL_DMA_GetState                                  build/stm32f1xx_hal_dma.o
HAL_DMA_IRQHandler                                build/stm32f1xx_hal_dma.o
HAL_DMA_Init                                      build/stm32f1xx_hal_dma.o
HAL_DMA_PollForTransfer                           build/stm32f1xx_hal_dma.o
HAL_DMA_RegisterCallback                          build/stm32f1xx_hal_dma.o
HAL_DMA_Start                                     build/stm32f1xx_hal_dma.o
HAL_DMA_Start_IT                                  build/stm32f1xx_hal_dma.o
                                                  build/stm32f1xx_hal_uart.o
HAL_DMA_UnRegisterCallback                        build/stm32f1xx_hal_dma.o
HAL_DeInit                                        build/stm32f1xx_hal.o
HAL_Delay                                         build/stm32f1xx_hal.o
HAL_FLASHEx_Erase                                 build/stm32f1xx_hal_flash_ex.o
HAL_FLASHEx_Erase_IT                              build/stm32f1xx_hal_flash_ex.o
HAL_FLASHEx_OBErase                               build/stm32f1xx_hal_flash_ex.o
HAL_FLASHEx_OBGetConfig                           build/stm32f1xx_hal_flash_ex.o
HAL_FLASHEx_OBGetUserData                         build/stm32f1xx_hal_flash_ex.o
HAL_FLASHEx_OBProgram                             build/stm32f1xx_hal_flash_ex.o
HAL_FLASH_EndOfOperationCallback                  build/stm32f1xx_hal_flash.o
HAL_FLASH_GetError                                build/stm32f1xx_hal_flash.o
HAL_FLASH_IRQHandler                              build/stm32f1xx_hal_flash.o
HAL_FLASH_Lock                                    build/stm32f1xx_hal_flash.o
HAL_FLASH_OB_Launch                               build/stm32f1xx_hal_flash.o
HAL_FLASH_OB_Lock                                 build/stm32f1xx_hal_flash.o
HAL_FLASH_OB_Unlock                               build/stm32f1xx_hal_flash.o
HAL_FLASH_OperationErrorCallback                  build/stm32f1xx_hal_flash.o
HAL_FLASH_Program                                 build/stm32f1xx_hal_flash.o
HAL_FLASH_Program_IT                              build/stm32f1xx_hal_flash.o
HAL_FLASH_Unlock                                  build/stm32f1xx_hal_flash.o
HAL_GPIOEx_ConfigEventout                         build/stm32f1xx_hal_gpio_ex.o
HAL_GPIOEx_DisableEventout                        build/stm32f1xx_hal_gpio_ex.o
HAL_GPIOEx_EnableEventout                         build/stm32f1xx_hal_gpio_ex.o
HAL_GPIO_DeInit                                   build/stm32f1xx_hal_gpio.o
                                                  build/stm32f1xx_hal_msp.o
HAL_GPIO_EXTI_Callback                            build/stm32f1xx_hal_gpio.o
HAL_GPIO_EXTI_IRQHandler                          build/stm32f1xx_hal_gpio.o
HAL_GPIO_Init                                     build/stm32f1xx_hal_gpio.o
                                                  build/stm32f1xx_hal_rcc.o
                                                  build/stm32f1xx_hal_msp.o
HAL_GPIO_LockPin                                  build/stm32f1xx_hal_gpio.o
HAL_GPIO_ReadPin                                  build/stm32f1xx_hal_gpio.o
HAL_GPIO_TogglePin                                build/stm32f1xx_hal_gpio.o
HAL_GPIO_WritePin                                 build/stm32f1xx_hal_gpio.o
HAL_GetDEVID                                      build/stm32f1xx_hal.o
HAL_GetHalVersion                                 build/stm32f1xx_hal.o
HAL_GetREVID                                      build/stm32f1xx_hal.o
HAL_GetTick                                       build/stm32f1xx_hal.o
                                                  build/nexcore.o
                                                  build/stm32f1xx_hal_flash.o
                                                  build/stm32f1xx_hal_dma.o
                                                  build/stm32f1xx_hal_rcc_ex.o
                                                  build/stm32f1xx_hal_rcc.o
                                                  build/stm32f1xx_hal_uart.o
HAL_GetTickFreq                                   build/stm32f1xx_hal.o
HAL_GetTickPrio                                   build/stm32f1xx_hal.o
HAL_GetUID                                        build/stm32f1xx_hal.o
HAL_HalfDuplex_EnableReceiver                     build/stm32f1xx_hal_uart.o
HAL_HalfDuplex_EnableTransmitter                  build/stm32f1xx_hal_uart.o
HAL_HalfDuplex_Init                               build/stm32f1xx_hal_uart.o
HAL_IncTick                                       build/stm32f1xx_hal.o
                                                  build/stm32f1xx_it.o
HAL_Init                                          build/stm32f1xx_hal.o
                                                  build/main.o
HAL_InitTick                                      build/stm32f1xx_hal.o
                                                  build/stm32f1xx_hal_rcc.o
HAL_LIN_Init                                      build/stm32f1xx_hal_uart.o
HAL_LIN_SendBreak                                 build/stm32f1xx_hal_uart.o
HAL_MspDeInit                                     build/stm32f1xx_hal.o
HAL_MspInit                                       build/stm32f1xx_hal_msp.o
HAL_MultiProcessor_EnterMuteMode                  build/stm32f1xx_hal_uart.o
HAL_MultiProcessor_ExitMuteMode                   build/stm32f1xx_hal_uart.o
HAL_MultiProcessor_Init                           build/stm32f1xx_hal_uart.o
HAL_NVIC_ClearPendingIRQ                          build/stm32f1xx_hal_cortex.o
HAL_NVIC_DisableIRQ                               build/stm32f1xx_hal_cortex.o
                                                  build/stm32f1xx_hal_msp.o
HAL_NVIC_EnableIRQ                                build/stm32f1xx_hal_cortex.o
                                                  build/stm32f1xx_hal_msp.o
HAL_NVIC_GetActive                                build/stm32f1xx_hal_cortex.o
HAL_NVIC_GetPendingIRQ                            build/stm32f1xx_hal_cortex.o
HAL_NVIC_GetPriority                              build/stm32f1xx_hal_cortex.o
HAL_NVIC_GetPriorityGrouping                      build/stm32f1xx_hal_cortex.o
HAL_NVIC_SetPendingIRQ                            build/stm32f1xx_hal_cortex.o
HAL_NVIC_SetPriority                              build/stm32f1xx_hal_cortex.o
                                                  build/stm32f1xx_hal.o
                                                  build/stm32f1xx_hal_msp.o
HAL_NVIC_SetPriorityGrouping                      build/stm32f1xx_hal_cortex.o
                                                  build/stm32f1xx_hal.o
HAL_NVIC_SystemReset                              build/stm32f1xx_hal_cortex.o
                                                  build/stm32f1xx_hal_flash.o
HAL_PWR_ConfigPVD                                 build/stm32f1xx_hal_pwr.o
HAL_PWR_DeInit                                    build/stm32f1xx_hal_pwr.o
HAL_PWR_DisableBkUpAccess                         build/stm32f1xx_hal_pwr.o
HAL_PWR_DisablePVD                                build/stm32f1xx_hal_pwr.o
HAL_PWR_DisableSEVOnPend                          build/stm32f1xx_hal_pwr.o
HAL_PWR_DisableSleepOnExit                        build/stm32f1xx_hal_pwr.o
HAL_PWR_DisableWakeUpPin                          build/stm32f1xx_hal_pwr.o
HAL_PWR_EnableBkUpAccess                          build/stm32f1xx_hal_pwr.o
HAL_PWR_EnablePVD                                 build/stm32f1xx_hal_pwr.o
HAL_PWR_EnableSEVOnPend                           build/stm32f1xx_hal_pwr.o
HAL_PWR_EnableSleepOnExit                         build/stm32f1xx_hal_pwr.o
HAL_PWR_EnableWakeUpPin                           build/stm32f1xx_hal_pwr.o
HAL_PWR_EnterSLEEPMode                            build/stm32f1xx_hal_pwr.o
HAL_PWR_EnterSTANDBYMode                          build/stm32f1xx_hal_pwr.o
HAL_PWR_EnterSTOPMode                             build/stm32f1xx_hal_pwr.o
HAL_PWR_PVDCallback                               build/stm32f1xx_hal_pwr.o
HAL_PWR_PVD_IRQHandler                            build/stm32f1xx_hal_pwr.o
HAL_RCCEx_GetPeriphCLKConfig                      build/stm32f1xx_hal_rcc_ex.o
HAL_RCCEx_GetPeriphCLKFreq                        build/stm32f1xx_hal_rcc_ex.o
HAL_RCCEx_PeriphCLKConfig                         build/stm32f1xx_hal_rcc_ex.o
HAL_RCC_CSSCallback                               build/stm32f1xx_hal_rcc.o
HAL_RCC_ClockConfig                               build/stm32f1xx_hal_rcc.o
                                                  build/main.o
HAL_RCC_DeInit                                    build/stm32f1xx_hal_rcc.o
HAL_RCC_DisableCSS                                build/stm32f1xx_hal_rcc.o
HAL_RCC_EnableCSS                                 build/stm32f1xx_hal_rcc.o
HAL_RCC_GetClockConfig                            build/stm32f1xx_hal_rcc.o
HAL_RCC_GetHCLKFreq                               build/stm32f1xx_hal_rcc.o
HAL_RCC_GetOscConfig                              build/stm32f1xx_hal_rcc.o
HAL_RCC_GetPCLK1Freq                              build/stm32f1xx_hal_rcc.o
                                                  build/stm32f1xx_hal_uart.o
HAL_RCC_GetPCLK2Freq                              build/stm32f1xx_hal_rcc.o
                                                  build/stm32f1xx_hal_rcc_ex.o
                                                  build/stm32f1xx_hal_uart.o
HAL_RCC_GetSysClockFreq                           build/stm32f1xx_hal_rcc.o
HAL_RCC_MCOConfig                                 build/stm32f1xx_hal_rcc.o
HAL_RCC_NMI_IRQHandler                            build/stm32f1xx_hal_rcc.o
HAL_RCC_OscConfig                                 build/stm32f1xx_hal_rcc.o
                                                  build/main.o
HAL_ResumeTick                                    build/stm32f1xx_hal.o
HAL_SYSTICK_CLKSourceConfig                       build/stm32f1xx_hal_cortex.o
HAL_SYSTICK_Callback                              build/stm32f1xx_hal_cortex.o
HAL_SYSTICK_Config                                build/stm32f1xx_hal_cortex.o
                                                  build/stm32f1xx_hal.o
HAL_SYSTICK_IRQHandler                            build/stm32f1xx_hal_cortex.o
HAL_SetTickFreq                                   build/stm32f1xx_hal.o
HAL_SuspendTick                                   build/stm32f1xx_hal.o
HAL_UART_Abort                                    build/stm32f1xx_hal_uart.o
HAL_UART_AbortCpltCallback                        build/stm32f1xx_hal_uart.o
HAL_UART_AbortReceive                             build/stm32f1xx_hal_uart.o
HAL_UART_AbortReceiveCpltCallback                 build/stm32f1xx_hal_uart.o
HAL_UART_AbortReceive_IT                          build/stm32f1xx_hal_uart.o
HAL_UART_AbortTransmit                            build/stm32f1xx_hal_uart.o
HAL_UART_AbortTransmitCpltCallback                build/stm32f1xx_hal_uart.o
HAL_UART_AbortTransmit_IT                         build/stm32f1xx_hal_uart.o
HAL_UART_Abort_IT                                 build/stm32f1xx_hal_uart.o
                                                  build/nexserial.o
                                                  build/nexcore.o
HAL_UART_DMAPause                                 build/stm32f1xx_hal_uart.o
HAL_UART_DMAResume                                build/stm32f1xx_hal_uart.o
HAL_UART_DMAStop                                  build/stm32f1xx_hal_uart.o
HAL_UART_DeInit                                   build/stm32f1xx_hal_uart.o
HAL_UART_ErrorCallback                            build/stm32f1xx_hal_uart.o
HAL_UART_GetError                                 build/stm32f1xx_hal_uart.o
HAL_UART_GetState                                 build/stm32f1xx_hal_uart.o
HAL_UART_IRQHandler                               build/stm32f1xx_hal_uart.o
                                                  build/stm32f1xx_it.o
HAL_UART_Init                                     build/stm32f1xx_hal_uart.o
                                                  build/main.o
HAL_UART_MspDeInit                                build/stm32f1xx_hal_msp.o
HAL_UART_MspInit                                  build/stm32f1xx_hal_msp.o
HAL_UART_Receive                                  build/stm32f1xx_hal_uart.o
HAL_UART_Receive_DMA                              build/stm32f1xx_hal_uart.o
HAL_UART_Receive_IT                               build/stm32f1xx_hal_uart.o
                                                  build/nexserial.o
HAL_UART_RxCpltCallback                           build/nexserial.o
                                                  build/stm32f1xx_hal_uart.o
HAL_UART_RxHalfCpltCallback                       build/stm32f1xx_hal_uart.o
HAL_UART_Transmit                                 build/stm32f1xx_hal_uart.o
HAL_UART_Transmit_DMA                             build/stm32f1xx_hal_uart.o
HAL_UART_Transmit_IT                              build/stm32f1xx_hal_uart.o
                                                  build/nexserial.o
HAL_UART_TxCpltCallback                           build/nexserial.o
                                                  build/stm32f1xx_hal_uart.o
HAL_UART_TxHalfCpltCallback                       build/stm32f1xx_hal_uart.o
HardFault_Handler                                 build/stm32f1xx_it.o
I2C1_ER_IRQHandler                                build/startup_stm32f103xb.o
I2C1_EV_IRQHandler                                build/startup_stm32f103xb.o
I2C2_ER_IRQHandler                                build/startup_stm32f103xb.o
I2C2_EV_IRQHandler                                build/startup_stm32f103xb.o
MemManage_Handler                                 build/stm32f1xx_it.o
NMI_Handler                                       build/stm32f1xx_it.o
Nexcore_AddPointToWaveform                        build/nexcore.o
Nexcore_ClearWaveform                             build/nexcore.o
Nexcore_EnqueueMsg                                build/nexcore.o
Nexcore_ErrorCb                                   build/nexcore.o
Nexcore_Execute                                   build/nexcore.o
                                                  build/main.o
Nexcore_Get                                       build/nexcore.o
Nexcore_GetNumberRspCb                            build/nexcore.o
Nexcore_GetStringRspCb                            build/nexcore.o
Nexcore_InfoCb                                    build/nexcore.o
Nexcore_Init                                      build/nexcore.o
                                                  build/main.o
Nexcore_Page                                      build/nexcore.o
Nexcore_ParseReturnedString                       build/nexcore.o
Nexcore_Reset                                     build/nexcore.o
Nexcore_Set                                       build/nexcore.o
Nexcore_Start                                     build/nexcore.o
                                                  build/main.o
Nexcore_Stop                                      build/nexcore.o
Nexcore_TouchEventCb                              build/nexcore.o
Nexcore_Visible                                   build/nexcore.o
PVD_IRQHandler                                    build/startup_stm32f103xb.o
PendSV_Handler                                    build/stm32f1xx_it.o
RCC_IRQHandler                                    build/startup_stm32f103xb.o
RTC_Alarm_IRQHandler                              build/startup_stm32f103xb.o
RTC_IRQHandler                                    build/startup_stm32f103xb.o
Reset_Handler                                     build/startup_stm32f103xb.o
SPI1_IRQHandler                                   build/startup_stm32f103xb.o
SPI2_IRQHandler                                   build/startup_stm32f103xb.o
SVC_Handler                                       build/stm32f1xx_it.o
Serial_GetRecvData                                build/nexserial.o
Serial_Init                                       build/nexserial.o
                                                  build/main.o
Serial_Start                                      build/nexserial.o
                                                  build/main.o
Serial_Stop                                       build/nexserial.o
Serial_Transmit                                   build/nexserial.o
                                                  build/nexcore.o
Serial_TxBuffAvailable                            build/nexserial.o
                                                  build/nexcore.o
SysTick_Handler                                   build/stm32f1xx_it.o
SystemClock_Config                                build/main.o
SystemCoreClock                                   build/system_stm32f1xx.o
                                                  build/stm32f1xx_hal_rcc.o
                                                  build/stm32f1xx_hal.o
SystemCoreClockUpdate                             build/system_stm32f1xx.o
SystemInit                                        build/system_stm32f1xx.o
                                                  build/startup_stm32f103xb.o
TAMPER_IRQHandler                                 build/startup_stm32f103xb.o
TIM1_BRK_IRQHandler                               build/startup_stm32f103xb.o
TIM1_CC_IRQHandler                                build/startup_stm32f103xb.o
TIM1_TRG_COM_IRQHandler                           build/startup_stm32f103xb.o
TIM1_UP_IRQHandler                                build/startup_stm32f103xb.o
TIM2_IRQHandler                                   build/startup_stm32f103xb.o
TIM3_IRQHandler                                   build/startup_stm32f103xb.o
TIM4_IRQHandler                                   build/startup_stm32f103xb.o
USART1_IRQHandler                                 build/stm32f1xx_it.o
USART2_IRQHandler                                 build/startup_stm32f103xb.o
USART3_IRQHandler                                 build/startup_stm32f103xb.o
USBWakeUp_IRQHandler                              build/startup_stm32f103xb.o
USB_HP_CAN1_TX_IRQHandler                         build/startup_stm32f103xb.o
USB_LP_CAN1_RX0_IRQHandler                        build/startup_stm32f103xb.o
UsageFault_Handler                                build/stm32f1xx_it.o
WWDG_IRQHandler                                   build/startup_stm32f103xb.o
__bss_end__                                       /home/onur/STM32Toolchain/gcc-arm-none-eabi-8-2018-q4-major/bin/../lib/gcc/arm-none-eabi/8.2.1/../../../../arm-none-eabi/lib/thumb/v7-m/nofp/crt0.o
__bss_start__                                     /home/onur/STM32Toolchain/gcc-arm-none-eabi-8-2018-q4-major/bin/../lib/gcc/arm-none-eabi/8.2.1/../../../../arm-none-eabi/lib/thumb/v7-m/nofp/crt0.o
__call_exitprocs                                  /home/onur/STM32Toolchain/gcc-arm-none-eabi-8-2018-q4-major/bin/../lib/gcc/arm-none-eabi/8.2.1/../../../../arm-none-eabi/lib/thumb/v7-m/nofp/libc_nano.a(lib_a-exit.o)
__deregister_frame_info                           /home/onur/STM32Toolchain/gcc-arm-none-eabi-8-2018-q4-major/bin/../lib/gcc/arm-none-eabi/8.2.1/thumb/v7-m/nofp/crtbegin.o
__dso_handle                                      /home/onur/STM32Toolchain/gcc-arm-none-eabi-8-2018-q4-major/bin/../lib/gcc/arm-none-eabi/8.2.1/thumb/v7-m/nofp/crtbegin.o
__init_array_end                                  /home/onur/STM32Toolchain/gcc-arm-none-eabi-8-2018-q4-major/bin/../lib/gcc/arm-none-eabi/8.2.1/../../../../arm-none-eabi/lib/thumb/v7-m/nofp/libc_nano.a(lib_a-init.o)
__init_array_start                                /home/onur/STM32Toolchain/gcc-arm-none-eabi-8-2018-q4-major/bin/../lib/gcc/arm-none-eabi/8.2.1/../../../../arm-none-eabi/lib/thumb/v7-m/nofp/libc_nano.a(lib_a-init.o)
__libc_fini_array                                 /home/onur/STM32Toolchain/gcc-arm-none-eabi-8-2018-q4-major/bin/../lib/gcc/arm-none-eabi/8.2.1/../../../../arm-none-eabi/lib/thumb/v7-m/nofp/crt0.o
__libc_init_array                                 /home/onur/STM32Toolchain/gcc-arm-none-eabi-8-2018-q4-major/bin/../lib/gcc/arm-none-eabi/8.2.1/../../../../arm-none-eabi/lib/thumb/v7-m/nofp/libc_nano.a(lib_a-init.o)
                                                  build/startup_stm32f103xb.o
                                                  /home/onur/STM32Toolchain/gcc-arm-none-eabi-8-2018-q4-major/bin/../lib/gcc/arm-none-eabi/8.2.1/../../../../arm-none-eabi/lib/thumb/v7-m/nofp/crt0.o
__preinit_array_end                               /home/onur/STM32Toolchain/gcc-arm-none-eabi-8-2018-q4-major/bin/../lib/gcc/arm-none-eabi/8.2.1/../../../../arm-none-eabi/lib/thumb/v7-m/nofp/libc_nano.a(lib_a-init.o)
__preinit_array_start                             /home/onur/STM32Toolchain/gcc-arm-none-eabi-8-2018-q4-major/bin/../lib/gcc/arm-none-eabi/8.2.1/../../../../arm-none-eabi/lib/thumb/v7-m/nofp/libc_nano.a(lib_a-init.o)
__register_frame_info                             /home/onur/STM32Toolchain/gcc-arm-none-eabi-8-2018-q4-major/bin/../lib/gcc/arm-none-eabi/8.2.1/thumb/v7-m/nofp/crtbegin.o
__sf_fake_stderr                                  /home/onur/STM32Toolchain/gcc-arm-none-eabi-8-2018-q4-major/bin/../lib/gcc/arm-none-eabi/8.2.1/../../../../arm-none-eabi/lib/thumb/v7-m/nofp/libc_nano.a(lib_a-impure.o)
__sf_fake_stdin                                   /home/onur/STM32Toolchain/gcc-arm-none-eabi-8-2018-q4-major/bin/../lib/gcc/arm-none-eabi/8.2.1/../../../../arm-none-eabi/lib/thumb/v7-m/nofp/libc_nano.a(lib_a-impure.o)
__sf_fake_stdout                                  /home/onur/STM32Toolchain/gcc-arm-none-eabi-8-2018-q4-major/bin/../lib/gcc/arm-none-eabi/8.2.1/../../../../arm-none-eabi/lib/thumb/v7-m/nofp/libc_nano.a(lib_a-impure.o)
__stack                                           /home/onur/STM32Toolchain/gcc-arm-none-eabi-8-2018-q4-major/bin/../lib/gcc/arm-none-eabi/8.2.1/../../../../arm-none-eabi/lib/thumb/v7-m/nofp/crt0.o
_ebss                                             build/startup_stm32f103xb.o
_edata                                            build/startup_stm32f103xb.o
_estack                                           build/startup_stm32f103xb.o
_exit                                             /home/onur/STM32Toolchain/gcc-arm-none-eabi-8-2018-q4-major/bin/../lib/gcc/arm-none-eabi/8.2.1/../../../../arm-none-eabi/lib/thumb/v7-m/nofp/libnosys.a(_exit.o)
                                                  /home/onur/STM32Toolchain/gcc-arm-none-eabi-8-2018-q4-major/bin/../lib/gcc/arm-none-eabi/8.2.1/../../../../arm-none-eabi/lib/thumb/v7-m/nofp/libc_nano.a(lib_a-exit.o)
_fini                                             /home/onur/STM32Toolchain/gcc-arm-none-eabi-8-2018-q4-major/bin/../lib/gcc/arm-none-eabi/8.2.1/thumb/v7-m/nofp/crti.o
_global_impure_ptr                                /home/onur/STM32Toolchain/gcc-arm-none-eabi-8-2018-q4-major/bin/../lib/gcc/arm-none-eabi/8.2.1/../../../../arm-none-eabi/lib/thumb/v7-m/nofp/libc_nano.a(lib_a-impure.o)
                                                  /home/onur/STM32Toolchain/gcc-arm-none-eabi-8-2018-q4-major/bin/../lib/gcc/arm-none-eabi/8.2.1/../../../../arm-none-eabi/lib/thumb/v7-m/nofp/libc_nano.a(lib_a-exit.o)
_impure_ptr                                       /home/onur/STM32Toolchain/gcc-arm-none-eabi-8-2018-q4-major/bin/../lib/gcc/arm-none-eabi/8.2.1/../../../../arm-none-eabi/lib/thumb/v7-m/nofp/libc_nano.a(lib_a-impure.o)
_init                                             /home/onur/STM32Toolchain/gcc-arm-none-eabi-8-2018-q4-major/bin/../lib/gcc/arm-none-eabi/8.2.1/thumb/v7-m/nofp/crti.o
                                                  /home/onur/STM32Toolchain/gcc-arm-none-eabi-8-2018-q4-major/bin/../lib/gcc/arm-none-eabi/8.2.1/../../../../arm-none-eabi/lib/thumb/v7-m/nofp/libc_nano.a(lib_a-init.o)
_mainCRTStartup                                   /home/onur/STM32Toolchain/gcc-arm-none-eabi-8-2018-q4-major/bin/../lib/gcc/arm-none-eabi/8.2.1/../../../../arm-none-eabi/lib/thumb/v7-m/nofp/crt0.o
_sbss                                             build/startup_stm32f103xb.o
_sdata                                            build/startup_stm32f103xb.o
_sidata                                           build/startup_stm32f103xb.o
_start                                            /home/onur/STM32Toolchain/gcc-arm-none-eabi-8-2018-q4-major/bin/../lib/gcc/arm-none-eabi/8.2.1/../../../../arm-none-eabi/lib/thumb/v7-m/nofp/crt0.o
atexit                                            /home/onur/STM32Toolchain/gcc-arm-none-eabi-8-2018-q4-major/bin/../lib/gcc/arm-none-eabi/8.2.1/../../../../arm-none-eabi/lib/thumb/v7-m/nofp/crt0.o
exit                                              /home/onur/STM32Toolchain/gcc-arm-none-eabi-8-2018-q4-major/bin/../lib/gcc/arm-none-eabi/8.2.1/../../../../arm-none-eabi/lib/thumb/v7-m/nofp/libc_nano.a(lib_a-exit.o)
                                                  /home/onur/STM32Toolchain/gcc-arm-none-eabi-8-2018-q4-major/bin/../lib/gcc/arm-none-eabi/8.2.1/../../../../arm-none-eabi/lib/thumb/v7-m/nofp/crt0.o
g_pfnVectors                                      build/startup_stm32f103xb.o
hardware_init_hook                                /home/onur/STM32Toolchain/gcc-arm-none-eabi-8-2018-q4-major/bin/../lib/gcc/arm-none-eabi/8.2.1/../../../../arm-none-eabi/lib/thumb/v7-m/nofp/crt0.o
huart1                                            build/main.o
                                                  build/nexserial.o
                                                  build/nexcore.o
                                                  build/stm32f1xx_it.o
main                                              build/main.o
                                                  build/startup_stm32f103xb.o
                                                  /home/onur/STM32Toolchain/gcc-arm-none-eabi-8-2018-q4-major/bin/../lib/gcc/arm-none-eabi/8.2.1/../../../../arm-none-eabi/lib/thumb/v7-m/nofp/crt0.o
memset                                            /home/onur/STM32Toolchain/gcc-arm-none-eabi-8-2018-q4-major/bin/../lib/gcc/arm-none-eabi/8.2.1/../../../../arm-none-eabi/lib/thumb/v7-m/nofp/libc_nano.a(lib_a-memset.o)
                                                  /home/onur/STM32Toolchain/gcc-arm-none-eabi-8-2018-q4-major/bin/../lib/gcc/arm-none-eabi/8.2.1/../../../../arm-none-eabi/lib/thumb/v7-m/nofp/crt0.o
num2str                                           build/utilities.o
                                                  build/nexcore.o
pFlash                                            build/stm32f1xx_hal_flash.o
                                                  build/stm32f1xx_hal_flash_ex.o
software_init_hook                                /home/onur/STM32Toolchain/gcc-arm-none-eabi-8-2018-q4-major/bin/../lib/gcc/arm-none-eabi/8.2.1/../../../../arm-none-eabi/lib/thumb/v7-m/nofp/crt0.o
strLen                                            build/utilities.o
                                                  build/nexcore.o
uwTick                                            build/stm32f1xx_hal.o
uwTickFreq                                        build/stm32f1xx_hal.o
uwTickPrio                                        build/stm32f1xx_hal.o
